  Determining projects to restore...
  All projects are up-to-date for restore.
  FoodHub.Domain -> D:\C#\OJT\FoodHub_BE\FoodHub.Domain\bin\Debug\net9.0\FoodHub.Domain.dll
  FoodHub.Application -> D:\C#\OJT\FoodHub_BE\FoodHub.Application\bin\Debug\net9.0\FoodHub.Application.dll
D:\C#\OJT\FoodHub_BE\FoodHub.Infrastructure\Persistence\Configurations\OrderConfiguration.cs(29,35): error CS1061: 'Order' does not contain a definition for 'Reservation' and no accessible extension method 'Reservation' accepting a first argument of type 'Order' could be found (are you missing a using directive or an assembly reference?) [D:\C#\OJT\FoodHub_BE\FoodHub.Infrastructure\FoodHub.Infrastructure.csproj]

Build FAILED.

D:\C#\OJT\FoodHub_BE\FoodHub.Infrastructure\Persistence\Configurations\OrderConfiguration.cs(29,35): error CS1061: 'Order' does not contain a definition for 'Reservation' and no accessible extension method 'Reservation' accepting a first argument of type 'Order' could be found (are you missing a using directive or an assembly reference?) [D:\C#\OJT\FoodHub_BE\FoodHub.Infrastructure\FoodHub.Infrastructure.csproj]
    0 Warning(s)
    1 Error(s)

Time Elapsed 00:00:02.11
