  Determining projects to restore...
  All projects are up-to-date for restore.
  FoodHub.Domain -> D:\FoodHub\quan-ly-nha-hang-be\FoodHub.Domain\bin\Debug\net9.0\FoodHub.Domain.dll
  FoodHub.Application -> D:\FoodHub\quan-ly-nha-hang-be\FoodHub.Application\bin\Debug\net9.0\FoodHub.Application.dll
  FoodHub.Infrastructure -> D:\FoodHub\quan-ly-nha-hang-be\FoodHub.Infrastructure\bin\Debug\net9.0\FoodHub.Infrastructure.dll
D:\FoodHub\quan-ly-nha-hang-be\FoodHub.WebAPI\Presentation\Controllers\Shifts\ShiftsController.cs(32,26): error CS0246: The type or namespace name 'IMessageService' could not be found (are you missing a using directive or an assembly reference?) [D:\FoodHub\quan-ly-nha-hang-be\FoodHub.WebAPI\FoodHub.WebAPI.csproj]
D:\FoodHub\quan-ly-nha-hang-be\FoodHub.WebAPI\Presentation\Controllers\Shifts\ShiftsController.cs(34,53): error CS0246: The type or namespace name 'IMessageService' could not be found (are you missing a using directive or an assembly reference?) [D:\FoodHub\quan-ly-nha-hang-be\FoodHub.WebAPI\FoodHub.WebAPI.csproj]
D:\FoodHub\quan-ly-nha-hang-be\FoodHub.WebAPI\Presentation\Controllers\ShiftAssignments\ShiftAssignmentsController.cs(28,26): error CS0246: The type or namespace name 'IMessageService' could not be found (are you missing a using directive or an assembly reference?) [D:\FoodHub\quan-ly-nha-hang-be\FoodHub.WebAPI\FoodHub.WebAPI.csproj]
D:\FoodHub\quan-ly-nha-hang-be\FoodHub.WebAPI\Presentation\Controllers\ShiftAssignments\ShiftAssignmentsController.cs(30,63): error CS0246: The type or namespace name 'IMessageService' could not be found (are you missing a using directive or an assembly reference?) [D:\FoodHub\quan-ly-nha-hang-be\FoodHub.WebAPI\FoodHub.WebAPI.csproj]

Build FAILED.

D:\FoodHub\quan-ly-nha-hang-be\FoodHub.WebAPI\Presentation\Controllers\Shifts\ShiftsController.cs(32,26): error CS0246: The type or namespace name 'IMessageService' could not be found (are you missing a using directive or an assembly reference?) [D:\FoodHub\quan-ly-nha-hang-be\FoodHub.WebAPI\FoodHub.WebAPI.csproj]
D:\FoodHub\quan-ly-nha-hang-be\FoodHub.WebAPI\Presentation\Controllers\Shifts\ShiftsController.cs(34,53): error CS0246: The type or namespace name 'IMessageService' could not be found (are you missing a using directive or an assembly reference?) [D:\FoodHub\quan-ly-nha-hang-be\FoodHub.WebAPI\FoodHub.WebAPI.csproj]
D:\FoodHub\quan-ly-nha-hang-be\FoodHub.WebAPI\Presentation\Controllers\ShiftAssignments\ShiftAssignmentsController.cs(28,26): error CS0246: The type or namespace name 'IMessageService' could not be found (are you missing a using directive or an assembly reference?) [D:\FoodHub\quan-ly-nha-hang-be\FoodHub.WebAPI\FoodHub.WebAPI.csproj]
D:\FoodHub\quan-ly-nha-hang-be\FoodHub.WebAPI\Presentation\Controllers\ShiftAssignments\ShiftAssignmentsController.cs(30,63): error CS0246: The type or namespace name 'IMessageService' could not be found (are you missing a using directive or an assembly reference?) [D:\FoodHub\quan-ly-nha-hang-be\FoodHub.WebAPI\FoodHub.WebAPI.csproj]
    0 Warning(s)
    4 Error(s)

Time Elapsed 00:00:05.41
