  Determining projects to restore...
  All projects are up-to-date for restore.
  FoodHub.Domain -> D:\CacLopFPT\Ki6\quan-ly-nha-hang-be\FoodHub.Domain\bin\Debug\net9.0\FoodHub.Domain.dll
  FoodHub.Application -> D:\CacLopFPT\Ki6\quan-ly-nha-hang-be\FoodHub.Application\bin\Debug\net9.0\FoodHub.Application.dll
  FoodHub.Infrastructure -> D:\CacLopFPT\Ki6\quan-ly-nha-hang-be\FoodHub.Infrastructure\bin\Debug\net9.0\FoodHub.Infrastructure.dll
  FoodHub.WebAPI -> D:\CacLopFPT\Ki6\quan-ly-nha-hang-be\FoodHub.WebAPI\bin\Debug\net9.0\FoodHub.WebAPI.dll
  FoodHub.Tests -> D:\CacLopFPT\Ki6\quan-ly-nha-hang-be\FoodHub.Tests\bin\Debug\net9.0\FoodHub.Tests.dll
Test run for D:\CacLopFPT\Ki6\quan-ly-nha-hang-be\FoodHub.Tests\bin\Debug\net9.0\FoodHub.Tests.dll (.NETCoreApp,Version=v9.0)
VSTest version 17.14.1 (x64)

Starting test execution, please wait...
A total of 1 test files matched the specified pattern.
  Failed FoodHub.Tests.Features.MergeSplitOrder.Commands.MergeOrderHandlerTests.Handle_Should_Merge_Orders_And_Mark_Secondary_Order_AsMerged [78 ms]
  Error Message:
   Expected firstOrder.TotalAmount to be 33M, but found 30M (difference of -3).
  Stack Trace:
     at FluentAssertions.Execution.LateBoundTestFramework.Throw(String message)
   at FluentAssertions.Execution.DefaultAssertionStrategy.HandleFailure(String message)
   at FluentAssertions.Execution.AssertionScope.AddPreFormattedFailure(String formattedFailureMessage)
   at FluentAssertions.Execution.AssertionChain.FailWith(Func`1 getFailureReason)
   at FluentAssertions.Execution.AssertionChain.FailWith(Func`1 getFailureReason)
   at FluentAssertions.Execution.AssertionChain.FailWith(String message, Object[] args)
   at FluentAssertions.Numeric.NumericAssertionsBase`3.Be(T expected, String because, Object[] becauseArgs)
   at FoodHub.Tests.Features.MergeSplitOrder.Commands.MergeOrderHandlerTests.Handle_Should_Merge_Orders_And_Mark_Secondary_Order_AsMerged() in D:\CacLopFPT\Ki6\quan-ly-nha-hang-be\FoodHub.Tests\Features\MergeSplitOrder\Commands\MergeOrderHandlerTests.cs:line 115
--- End of stack trace from previous location ---
  Failed FoodHub.Tests.Features.Reservations.CreateInternalReservation.CreateInternalReservationHandlerTests.Handle_ShouldThrowBusinessException_WhenNoTableAvailable [41 ms]
  Error Message:
   Expected ex.Message to be a match with the expectation, but it differs at index 0:
   Γåô (actual)
  "Exception of type 'FoodHub.Application.Common.Exceptions.BusinessException' wasΓÇª"
  "Kh├┤ng c├│ b├án trß╗æng ph├╣ hß╗úp vß╗¢i y├¬u cß║ºu."
   Γåæ (expected)

Full expectation:

    "Kh├┤ng c├│ b├án trß╗æng ph├╣ hß╗úp vß╗¢i y├¬u cß║ºu.",

Full subject:

    "Exception of type 'FoodHub.Application.Common.Exceptions.BusinessException' was thrown."

  Stack Trace:
     at FluentAssertions.Execution.LateBoundTestFramework.Throw(String message)
   at FluentAssertions.Execution.DefaultAssertionStrategy.HandleFailure(String message)
   at FluentAssertions.Execution.AssertionScope.AddPreFormattedFailure(String formattedFailureMessage)
   at FluentAssertions.Execution.AssertionChain.FailWith(Func`1 getFailureReason)
   at FluentAssertions.Execution.AssertionChain.FailWith(Func`1 getFailureReason)
   at FluentAssertions.Execution.AssertionChain.FailWith(String message)
   at FluentAssertions.Primitives.StringEqualityStrategy.AssertForEquality(AssertionChain assertionChain, String subject, String expected)
   at FluentAssertions.Primitives.StringValidator.Validate(String subject, String expected)
   at FluentAssertions.Primitives.StringAssertions`1.Be(String expected, String because, Object[] becauseArgs)
   at FoodHub.Tests.Features.Reservations.CreateInternalReservation.CreateInternalReservationHandlerTests.Handle_ShouldThrowBusinessException_WhenNoTableAvailable() in D:\CacLopFPT\Ki6\quan-ly-nha-hang-be\FoodHub.Tests\Features\Reservations\CreateInternalReservation\CreateInternalReservationHandlerTests.cs:line 59
--- End of stack trace from previous location ---
  Failed FoodHub.Tests.Features.MergeSplitOrder.Commands.SplitOrderHandlerTests.Handle_Should_Create_New_Order_On_Destination_Table_And_Close_Source_When_All_Items_Are_Moved [45 ms]
  Error Message:
   Expected result.Data.DestinationOrderTotalAmount to be 26.4M, but found 24M (difference of -2.4).
  Stack Trace:
     at FluentAssertions.Execution.LateBoundTestFramework.Throw(String message)
   at FluentAssertions.Execution.DefaultAssertionStrategy.HandleFailure(String message)
   at FluentAssertions.Execution.AssertionScope.AddPreFormattedFailure(String formattedFailureMessage)
   at FluentAssertions.Execution.AssertionChain.FailWith(Func`1 getFailureReason)
   at FluentAssertions.Execution.AssertionChain.FailWith(Func`1 getFailureReason)
   at FluentAssertions.Execution.AssertionChain.FailWith(String message, Object[] args)
   at FluentAssertions.Numeric.NumericAssertionsBase`3.Be(T expected, String because, Object[] becauseArgs)
   at FoodHub.Tests.Features.MergeSplitOrder.Commands.SplitOrderHandlerTests.Handle_Should_Create_New_Order_On_Destination_Table_And_Close_Source_When_All_Items_Are_Moved() in D:\CacLopFPT\Ki6\quan-ly-nha-hang-be\FoodHub.Tests\Features\MergeSplitOrder\Commands\SplitOrderHandlerTests.cs:line 132
--- End of stack trace from previous location ---
  Failed FoodHub.Tests.Features.Order.Commands.CompleteOrderTests.Handle_Should_ReturnSuccess_When_OrderCompleted_ForDineIn_AllItemsFinished [6 ms]
  Error Message:
   Expected order.TotalAmount to be 242.0M, but found 220M (difference of -22.0).
  Stack Trace:
     at FluentAssertions.Execution.LateBoundTestFramework.Throw(String message)
   at FluentAssertions.Execution.DefaultAssertionStrategy.HandleFailure(String message)
   at FluentAssertions.Execution.AssertionScope.AddPreFormattedFailure(String formattedFailureMessage)
   at FluentAssertions.Execution.AssertionChain.FailWith(Func`1 getFailureReason)
   at FluentAssertions.Execution.AssertionChain.FailWith(Func`1 getFailureReason)
   at FluentAssertions.Execution.AssertionChain.FailWith(String message, Object[] args)
   at FluentAssertions.Numeric.NumericAssertionsBase`3.Be(T expected, String because, Object[] becauseArgs)
   at FoodHub.Tests.Features.Order.Commands.CompleteOrderTests.Handle_Should_ReturnSuccess_When_OrderCompleted_ForDineIn_AllItemsFinished() in D:\CacLopFPT\Ki6\quan-ly-nha-hang-be\FoodHub.Tests\Features\Order\Commands\CompleteOrderTests.cs:line 121
--- End of stack trace from previous location ---
  Failed FoodHub.Tests.Features.Order.Commands.CompleteOrderTests.Handle_Should_CalculateTotalAmount_ExcludingCancelledAndRejectedItems [4 ms]
  Error Message:
   Expected order.TotalAmount to be 110M, but found 100M (difference of -10).
  Stack Trace:
     at FluentAssertions.Execution.LateBoundTestFramework.Throw(String message)
   at FluentAssertions.Execution.DefaultAssertionStrategy.HandleFailure(String message)
   at FluentAssertions.Execution.AssertionScope.AddPreFormattedFailure(String formattedFailureMessage)
   at FluentAssertions.Execution.AssertionChain.FailWith(Func`1 getFailureReason)
   at FluentAssertions.Execution.AssertionChain.FailWith(Func`1 getFailureReason)
   at FluentAssertions.Execution.AssertionChain.FailWith(String message, Object[] args)
   at FluentAssertions.Numeric.NumericAssertionsBase`3.Be(T expected, String because, Object[] becauseArgs)
   at FoodHub.Tests.Features.Order.Commands.CompleteOrderTests.Handle_Should_CalculateTotalAmount_ExcludingCancelledAndRejectedItems() in D:\CacLopFPT\Ki6\quan-ly-nha-hang-be\FoodHub.Tests\Features\Order\Commands\CompleteOrderTests.cs:line 314
--- End of stack trace from previous location ---
  Failed FoodHub.Tests.Features.Order.Commands.CompleteOrderTests.Handle_Should_ReturnSuccess_When_OrderCompleted_ForTakeaway [3 ms]
  Error Message:
   Expected order.TotalAmount to be 55M, but found 50M (difference of -5).
  Stack Trace:
     at FluentAssertions.Execution.LateBoundTestFramework.Throw(String message)
   at FluentAssertions.Execution.DefaultAssertionStrategy.HandleFailure(String message)
   at FluentAssertions.Execution.AssertionScope.AddPreFormattedFailure(String formattedFailureMessage)
   at FluentAssertions.Execution.AssertionChain.FailWith(Func`1 getFailureReason)
   at FluentAssertions.Execution.AssertionChain.FailWith(Func`1 getFailureReason)
   at FluentAssertions.Execution.AssertionChain.FailWith(String message, Object[] args)
   at FluentAssertions.Numeric.NumericAssertionsBase`3.Be(T expected, String because, Object[] becauseArgs)
   at FoodHub.Tests.Features.Order.Commands.CompleteOrderTests.Handle_Should_ReturnSuccess_When_OrderCompleted_ForTakeaway() in D:\CacLopFPT\Ki6\quan-ly-nha-hang-be\FoodHub.Tests\Features\Order\Commands\CompleteOrderTests.cs:line 186
--- End of stack trace from previous location ---

Failed!  - Failed:     6, Passed:   291, Skipped:     0, Total:   297, Duration: 313 ms - FoodHub.Tests.dll (net9.0)

Workload updates are available. Run `dotnet workload list` for more information.
